// Jest Snapshot v1, https://goo.gl/fbAQLP

exports[`<Live /> renders as expected 1`] = `
<DocumentFragment>
  <button
    class="c-button"
  >
    Odds: fractional
  </button>
  <div
    class="c-event"
  >
    <div
      class="c-event__name"
    >
      <div
        class="c-event__competitors"
      >
        Everton
        <br />
        West Ham
      </div>
      <div
        class="c-event__score"
      >
        3
        <br />
        0
      </div>
    </div>
    <div
      class="c-market"
    >
      <div
        class="c-market__title"
      >
        Both teams to score
      </div>
      <div>
        <div
          class="c-outcome"
        >
          <span
            class="u-clr--blue u-mr--100"
          >
            Yes
          </span>
          <span
            class="u-clr--red"
          >
            3/1
          </span>
        </div>
        <div
          class="c-outcome"
        >
          <span
            class="u-clr--blue u-mr--100"
          >
            Yes
          </span>
          <span
            class="u-clr--red"
          >
            3/1
          </span>
        </div>
      </div>
    </div>
  </div>
</DocumentFragment>
`;
