// Jest Snapshot v1, https://goo.gl/fbAQLP

exports[`<Market /> renders as expected 1`] = `
<DocumentFragment>
  <div
    class="c-market"
  >
    <div
      class="c-market__title"
    >
      Both teams to score
    </div>
    <div>
      <div
        class="c-outcome"
      >
        <span
          class="u-clr--blue u-mr--100"
        >
          Yes
        </span>
        <span
          class="u-clr--red"
        >
          3/1
        </span>
      </div>
      <div
        class="c-outcome"
      >
        <span
          class="u-clr--blue u-mr--100"
        >
          Yes
        </span>
        <span
          class="u-clr--red"
        >
          3/1
        </span>
      </div>
    </div>
  </div>
</DocumentFragment>
`;
